
**** Build of configuration Debug for project demo ****

make all 
Building file: ../src/control_fifo.c
Invoking: MicroBlaze gcc compiler
mb-gcc -Wall -O0 -g3 -c -fmessage-length=0 -I../../standalone_bsp_0/microblaze_0/include -mxl-pattern-compare -mcpu=v7.30.b -mno-xl-soft-mul -MMD -MP -MF"src/control_fifo.d" -MT"src/control_fifo.d" -o"src/control_fifo.o" "../src/control_fifo.c"
Finished building: ../src/control_fifo.c
' '
Building file: ../src/func.c
Invoking: MicroBlaze gcc compiler
mb-gcc -Wall -O0 -g3 -c -fmessage-length=0 -I../../standalone_bsp_0/microblaze_0/include -mxl-pattern-compare -mcpu=v7.30.b -mno-xl-soft-mul -MMD -MP -MF"src/func.d" -MT"src/func.d" -o"src/func.o" "../src/func.c"
Finished building: ../src/func.c
' '
Building file: ../src/interrupts.c
Invoking: MicroBlaze gcc compiler
mb-gcc -Wall -O0 -g3 -c -fmessage-length=0 -I../../standalone_bsp_0/microblaze_0/include -mxl-pattern-compare -mcpu=v7.30.b -mno-xl-soft-mul -MMD -MP -MF"src/interrupts.d" -MT"src/interrupts.d" -o"src/interrupts.o" "../src/interrupts.c"
Finished building: ../src/interrupts.c
' '
Building file: ../src/main.c
Invoking: MicroBlaze gcc compiler
mb-gcc -Wall -O0 -g3 -c -fmessage-length=0 -I../../standalone_bsp_0/microblaze_0/include -mxl-pattern-compare -mcpu=v7.30.b -mno-xl-soft-mul -MMD -MP -MF"src/main.d" -MT"src/main.d" -o"src/main.o" "../src/main.c"
Finished building: ../src/main.c
' '
Building target: demo.elf
Invoking: MicroBlaze gcc linker
mb-gcc -Wl,-T -Wl,../src/lscript.ld -L../../standalone_bsp_0/microblaze_0/lib -mxl-pattern-compare -mcpu=v7.30.b -mno-xl-soft-mul -o"demo.elf"  ./src/control_fifo.o ./src/func.o ./src/interrupts.o ./src/main.o   
Finished building target: demo.elf
' '
Invoking: MicroBlaze Print Size
mb-size demo.elf  |tee "demo.elf.size"
   text	   data	    bss	    dec	    hex	filename
  13162	    368	   2326	  15856	   3df0	demo.elf
Finished building: demo.elf.size
' '
Invoking: Xilinx ELF Check
elfcheck demo.elf -hw ../../reference-TE0630_hw_platform/system.xml -pe microblaze_0  |tee "demo.elf.elfcheck"
elfcheck
Xilinx EDK 13.3 Build EDK_O.76xd
Copyright (c) 1995-2011 Xilinx, Inc.  All rights reserved.

Command Line: elfcheck -hw ../../reference-TE0630_hw_platform/system.xml -pe
microblaze_0 demo.elf 

ELF file	: demo.elf
elfcheck passed.
Finished building: demo.elf.elfcheck
' '
